#-----------------------------------------------------------
# Vivado v2024.2 (64-bit)
# SW Build 5239630 on Fri Nov 08 22:34:34 MST 2024
# IP Build 5239520 on Sun Nov 10 16:12:51 MST 2024
# SharedData Build 5239561 on Fri Nov 08 14:39:27 MST 2024
# Start of session at: Tue Jun  3 19:16:15 2025
# Process ID         : 98525
# Current directory  : /home/matthias/fpga_projects/Fractaski-Basys3/hardware/vivado-impl
# Command line       : vivado
# Log file           : /home/matthias/fpga_projects/Fractaski-Basys3/hardware/vivado-impl/vivado.log
# Journal file       : /home/matthias/fpga_projects/Fractaski-Basys3/hardware/vivado-impl/vivado.jou
# Running On         : debian
# Platform           : Debian
# Operating System   : Debian GNU/Linux 12 (bookworm)
# Processor Detail   : AMD Ryzen 5 3600 6-Core Processor
# CPU Frequency      : 2727.960 MHz
# CPU Physical cores : 6
# CPU Logical cores  : 12
# Host memory        : 16707 MB
# Swap memory        : 1022 MB
# Total Virtual      : 17730 MB
# Available Virtual  : 14511 MB
#-----------------------------------------------------------
start_gui
open_hw_manager
connect_hw_server -allow_non_jtag
open_hw_target
current_hw_device [get_hw_devices xc7a35t_0]
refresh_hw_device -update_hw_probes false [lindex [get_hw_devices xc7a35t_0] 0]
set_property PROBES.FILE {} [get_hw_devices xc7a35t_0]
set_property FULL_PROBES.FILE {} [get_hw_devices xc7a35t_0]
set_property PROGRAM.FILE {/home/matthias/fpga_projects/Fractaski-Basys3/hardware/vivado-impl/vivado-runs/fpga_bitstream.bit} [get_hw_devices xc7a35t_0]
program_hw_devices [get_hw_devices xc7a35t_0]
refresh_hw_device [lindex [get_hw_devices xc7a35t_0] 0]
